+import IceCore
+            let autosaveName = controlItem.identifier.rawValue
+            LabTrace.record(.beforeSeed, autosaveName: autosaveName)
+            LabTrace.record(.afterSeed, autosaveName: autosaveName)
+            LabTrace.record(.afterStatusItem, autosaveName: autosaveName, statusItem: statusItem)
+            LabTrace.record(.afterAutosaveName, autosaveName: autosaveName, statusItem: statusItem)
+                if #available(macOS 27, *) {
+                    // macOS 27 lists no menu bar item windows, so Ice finds its own
+                    // dividers over Accessibility by this identifier (plan D9).
+                    button.setAccessibilityIdentifier(controlItem.identifier.rawValue)
+                }
+    /// macOS 27, IceBar mode: the hidden section's length while it is hidden,
+    /// set by `IceBarHidingCoordinator`; `nil` keeps the section at standard
+    /// length (plan 2026-10-03-icebar-build, 9.3). Never set on earlier systems.
+    @Published var calibratedHiddenLength: CGFloat?
+            if #available(macOS 27, *), isSectionDivider {
+                // The divider's length on 27 depends on IceBar mode and the
+                // calibrated length (plan 2026-10-03-icebar-build, 9.3).
+                $calibratedHiddenLength.removeDuplicates()
+                    .combineLatest(appState.settings.general.$useIceBar.removeDuplicates())
+                    .receive(on: DispatchQueue.main)
+                    .sink { [weak self] _ in
+                        self?.updateStatusItem()
+                    }
+                    .store(in: &c)
+            }
-            statusItem.length = identifier.length(for: state)
+            statusItem.length = length(for: state)
+    /// The length for the given hiding state: on macOS 27 in IceBar mode the
+    /// calibrated or standard length (plan 2026-10-03-icebar-build, 9.3),
+    /// otherwise the identifier's.
+    private func length(for state: HidingState) -> CGFloat {
+        if
+            #available(macOS 27, *),
+            let length = iceBarLength(
+                for: state,
+                calibratedLength: calibratedHiddenLength,
+                useIceBar: appState?.settings.general.useIceBar == true
+            )
+        {
+            return length
+        }
+        return identifier.length(for: state)
+    }
+    /// On macOS 27 IceBar mode hides only the hidden section, at the length
+    /// the coordinator calibrated; the always-hidden divider stays at standard
+    /// length (product rule r1). `nil` outside IceBar mode. Takes its inputs
+    /// so the divider tracking can ask with the values `@Published` is about
+    /// to set.
+    @available(macOS 27, *)
+    private func iceBarLength(for state: HidingState, calibratedLength: CGFloat?, useIceBar: Bool) -> CGFloat? {
+        guard state == .hideSection, useIceBar else {
+            return nil
+        }
+        switch identifier {
+        case .visible: return nil
+        case .hidden: return calibratedLength ?? Lengths.standard
+        case .alwaysHidden: return Lengths.standard
+        }
+    }
+    /// Whether a divider with these inputs is at standard length, so its frame
+    /// bounds a section (macOS 27, plan 9.3). Outside IceBar mode that is
+    /// exactly `.showSection`, as before.
+    @available(macOS 27, *)
+    func isAtStandardLength(state: HidingState, calibratedLength: CGFloat?, useIceBar: Bool) -> Bool {
+        state == .showSection
+            || iceBarLength(for: state, calibratedLength: calibratedLength, useIceBar: useIceBar) == Lengths.standard
+    }
-        // existing items in the status bar.
-        if ControlItemDefaults[.preferredPosition, autosaveName] == nil {
-            switch controlItem.identifier {
-            case .visible:
-                ControlItemDefaults[.preferredPosition, autosaveName] = 0
-            case .hidden:
-                ControlItemDefaults[.preferredPosition, autosaveName] = 1
-            case .alwaysHidden:
-                break
-            }
+        // existing items in the status bar. The values are IceCore's: on
+        // macOS 27 a position of 0 is read as none (plan
+        // 2026-10-07-icebar-menu-frame-fix, section 13).
+        let item: ControlItemPositionSeed.Item = switch controlItem.identifier {
+        case .visible: .visible
+        case .hidden: .hidden
+        case .alwaysHidden: .alwaysHidden
+        }
+        let isMacOS27 = if #available(macOS 27, *) { true } else { false }
+        let stored = ControlItemDefaults[.preferredPosition, autosaveName].map { Double($0) }
+        if let seed = ControlItemPositionSeed.seed(for: item, stored: stored, isMacOS27: isMacOS27) {
+            ControlItemDefaults[.preferredPosition, autosaveName] = CGFloat(seed)
