+                if #available(macOS 27, *) {
+                    // macOS 27 lists no menu bar item windows, so Ice finds its own
+                    // dividers over Accessibility by this identifier (plan D9).
+                    button.setAccessibilityIdentifier(controlItem.identifier.rawValue)
+                }
