+                if #available(macOS 27, *) {
+                    // macOS 27 lists no menu bar item windows, so Ice finds its own
+                    // dividers over Accessibility by this identifier (plan D9).
+                    button.setAccessibilityIdentifier(controlItem.identifier.rawValue)
+                }
+    /// macOS 27, IceBar mode: the hidden section's length while it is hidden,
+    /// set by `IceBarHidingCoordinator`; `nil` keeps the section at standard
+    /// length (plan 2026-10-03-icebar-build, 9.3). Never set on earlier systems.
+    @Published var calibratedHiddenLength: CGFloat?
+            if #available(macOS 27, *), isSectionDivider {
+                // The divider's length on 27 depends on IceBar mode and the
+                // calibrated length (plan 2026-10-03-icebar-build, 9.3).
+                $calibratedHiddenLength.removeDuplicates()
+                    .combineLatest(appState.settings.general.$useIceBar.removeDuplicates())
+                    .receive(on: DispatchQueue.main)
+                    .sink { [weak self] _ in
+                        self?.updateStatusItem()
+                    }
+                    .store(in: &c)
+            }
-            statusItem.length = identifier.length(for: state)
+            statusItem.length = length(for: state)
+    /// The length for the given hiding state: on macOS 27 in IceBar mode the
+    /// calibrated or standard length (plan 2026-10-03-icebar-build, 9.3),
+    /// otherwise the identifier's.
+    private func length(for state: HidingState) -> CGFloat {
+        if
+            #available(macOS 27, *),
+            let length = iceBarLength(
+                for: state,
+                calibratedLength: calibratedHiddenLength,
+                useIceBar: appState?.settings.general.useIceBar == true
+            )
+        {
+            return length
+        }
+        return identifier.length(for: state)
+    }
+    /// On macOS 27 IceBar mode hides only the hidden section, at the length
+    /// the coordinator calibrated; the always-hidden divider stays at standard
+    /// length (product rule r1). `nil` outside IceBar mode. Takes its inputs
+    /// so the divider tracking can ask with the values `@Published` is about
+    /// to set.
+    @available(macOS 27, *)
+    private func iceBarLength(for state: HidingState, calibratedLength: CGFloat?, useIceBar: Bool) -> CGFloat? {
+        guard state == .hideSection, useIceBar else {
+            return nil
+        }
+        switch identifier {
+        case .visible: return nil
+        case .hidden: return calibratedLength ?? Lengths.standard
+        case .alwaysHidden: return Lengths.standard
+        }
+    }
+    /// Whether a divider with these inputs is at standard length, so its frame
+    /// bounds a section (macOS 27, plan 9.3). Outside IceBar mode that is
+    /// exactly `.showSection`, as before.
+    @available(macOS 27, *)
+    func isAtStandardLength(state: HidingState, calibratedLength: CGFloat?, useIceBar: Bool) -> Bool {
+        state == .showSection
+            || iceBarLength(for: state, calibratedLength: calibratedLength, useIceBar: useIceBar) == Lengths.standard
+    }
