+    /// The macOS 27 check of whether hiding a section took effect (plan D7).
+    private(set) var hidingVerifier: HidingVerifier?
+    /// The latest result of that check, shown in the menu bar layout pane.
+    @Published var hidingCheckStatus: HidingCheckStatus?
+    /// macOS 27: keeps `MenuBarOwner.pid` current from launch, before the
+    /// asynchronous setup (plan 2026-10-07-icebar-menu-frame-fix, F1).
+    private var menuBarOwnerObservation: AnyCancellable?
+    init() {
+        if #available(macOS 27, *) {
+            menuBarOwnerObservation = MenuBarOwner.observe()
+        }
+    }
+        if #available(macOS 27, *) {
+            hidingVerifier = makeHidingVerifier()
+        }
