-        !itemManager.itemCache.managedItems.isEmpty
+        itemManager.itemCache.isLoaded || !itemManager.itemCache.managedItems.isEmpty
+                hidingCheckStatusLine
+            } else if itemManager.itemCache.managedItems.isEmpty {
+                noMenuBarItems
+    @ViewBuilder
+    private var noMenuBarItems: some View {
+        Text("No menu bar items")
+            .font(.title)
+    }
+    /// On macOS 27: whether hiding a section took effect, as Ice last
+    /// checked it (plan D7). Never set on earlier systems.
+    @ViewBuilder
+    private var hidingCheckStatusLine: some View {
+        if let status = appState.hidingCheckStatus {
+            IceSection {
+                Text(status.message)
+                    .font(.system(size: 12, weight: .medium))
+                    .foregroundStyle(.secondary)
+                    .padding(10)
+            }
+        }
+    }
